// Jest Snapshot v1, https://goo.gl/fbAQLP

exports[`Navbar render 1`] = `
<div>
  <nav
    class="navbar shadow-lg bg-base-100 z-50 sticky top-0 h-48 -translate-y-32 pt-32 flex items-center py-0 w-full"
  >
    test
    <a
      href="/"
    >
      <img
        alt="Rick & Morty"
        class="h-10 mx-2"
        src="logo.png"
      />
    </a>
  </nav>
</div>
`;
